new Test
asdd asdsda
asd as
das
das
d
asd
